// Jest Snapshot v1, https://goo.gl/fbAQLP

exports[`cli handles all examples correctly 1`] = `
"123
\\"Some string\\"
[1,2,3]
{\\"level\\":4456789}
A message without anything else
02:56:15.000: A message without level.
Trace: A message without time
02:56:15.000 [acme] Fatal: This is a message
02:56:15.000 [acme] Error: This is a message
02:56:15.000 [acme] Warn: This is a message
02:56:15.000 [acme] Info: This is a message
02:56:15.000 [acme] Debug: This is a message
02:56:15.000 [acme] Trace: This is a message
22:16:18.936 [acme] Info: GET / 200 3ms
22:16:18.936 [acme] Error: HEAD /ping 500 3ms
22:16:18.936 [acme] Info: POST /post/123 301 3ms
02:56:15.000 [acme > express:router] Trace: A message with a namespace
02:56:15.000 Debug: This is a message without name
{\\"level\\":20,\\"name\\":\\"acme\\",\\"msg\\":\\"This is a message with newlines {
  \\\\\\"foo\\\\\\": \\\\\\"bar\\\\\\"
}\\",\\"time\\":-14162625000}
{\\"level\\":50,\\"pid\\":62822,\\"hostname\\":\\"my-computer.Mac.local\\",\\"name\\":\\"acme\\",\\"msg\\":\\"Uncaught exception\\",\\"time\\":-14162625000,\\"stack\\":\\"Error: This is an error
    at Producer.flush (/app/node_modules/some-file.js:245:11)
    at Producer.disconnect (/app/node_modules/some-file.js:288:8)
    at process.<anonymous> (/app/src/foobar.ts:81:12)
    at process.emit (events.js:323:22)
    at process.emit (/app/node_modules/source-map-support/source-map-support.js:495:21)\\"}
"
`;
