// Jest Snapshot v1, https://goo.gl/fbAQLP

exports[`cli handles all examples correctly 1`] = `
"02:56:15.000 Info: An info message
02:56:15.000 Warn: A warning message
02:56:15.000 Error: An error message
02:56:15.000 Fatal: A fatal message
{\\"level\\":30,\\"time\\":-14162625000,\\"pid\\":12345,\\"hostname\\":\\"my-computer\\",\\"msg\\":\\"	    A message with leading whitespace\\"}
{\\"level\\":30,\\"time\\":-14162625000,\\"pid\\":12345,\\"hostname\\":\\"my-computer\\",\\"msg\\":\\"A message with ending whitespace    	\\"}
{\\"level\\":30,\\"time\\":-14162625000,\\"pid\\":12345,\\"hostname\\":\\"my-computer\\",\\"msg\\":\\"A multi-line message. Lorem ipsum
  dolor sit amet, consectetur adipiscing elit. Vivamus vitae orci volutpat,
  finibus augue vitae, pellentesque nibh. Maecenas lacus erat, maximus sit amet ligula sed,
  porttitor tincidunt felis. Donec dapibus eget est eu fermentum. Sed eu augue turpis.
  Vestibulum ante ipsum primis in faucibus orci luctus et ultrices posuere cubilia curae;
  Vivamus vehicula ante nisi, id porta odio blandit ut.\\"}
02:56:15.000 Info: A message with an object parameter
{\\"level\\":50,\\"time\\":-14162625000,\\"pid\\":12345,\\"hostname\\":\\"my-computer\\",\\"stack\\":\\"Error: Oh noes!
    at /some/path/to/file:23:98
    at step (/some/path/to/file:23:98)
    at Object.next (/some/path/to/file:23:98)
    at /some/path/to/file:23:98
    at new Promise (<anonymous>)
    at Object.<anonymous>.__awaiter (/some/path/to/file:23:98)
    at Object.generateExamples (/some/path/to/file:23:98)
    at /some/path/to/file:23:98
    at step (/some/path/to/file:23:98)
    at Object.next (/some/path/to/file:23:98)\\",\\"type\\":\\"Error\\",\\"msg\\":\\"An error happened somehow\\"}
02:56:15.000 Info: Meta data via child logger
02:56:15.000 [My Logger] Info: A logger with a name set
02:56:15.000 Info: A logger without the base child logger
02:56:15.000 Info: something else
02:56:15.000 Info: GET /greet/world 200 123ms
"
`;
