// Jest Snapshot v1, https://goo.gl/fbAQLP

exports[`formatting examples formats example #0 correctly 1`] = `
"\\"miscellaneous text\\"
"
`;

exports[`formatting examples formats example #1 correctly 1`] = `
"02:56:15 Trace: An info message
"
`;

exports[`formatting examples formats example #2 correctly 1`] = `
"02:56:15 Debug: A debug message
"
`;

exports[`formatting examples formats example #3 correctly 1`] = `
"02:56:15 Info: An info message
"
`;

exports[`formatting examples formats example #4 correctly 1`] = `
"02:56:15 Warn: A warning message
"
`;

exports[`formatting examples formats example #5 correctly 1`] = `
"02:56:15 Error: An error message
"
`;

exports[`formatting examples formats example #6 correctly 1`] = `
"02:56:15 Fatal: A fatal message
"
`;

exports[`formatting examples formats example #7 correctly 1`] = `
"02:56:15 Info: 	    A message with leading whitespace
"
`;

exports[`formatting examples formats example #8 correctly 1`] = `
"02:56:15 Info: A message with ending whitespace    	
"
`;

exports[`formatting examples formats example #9 correctly 1`] = `
"02:56:15 Info: A multi-line message. Lorem ipsum
               dolor sit amet, consectetur adipiscing elit. Vivamus vitae orci volutpat,
               finibus augue vitae, pellentesque nibh. Maecenas lacus erat, maximus sit amet ligula sed,
               porttitor tincidunt felis. Donec dapibus eget est eu fermentum. Sed eu augue turpis.
               Vestibulum ante ipsum primis in faucibus orci luctus et ultrices posuere cubilia curae;
               Vivamus vehicula ante nisi, id porta odio blandit ut.
"
`;

exports[`formatting examples formats example #10 correctly 1`] = `
"02:56:15 Info: A message with an object parameter
"
`;

exports[`formatting examples formats example #11 correctly 1`] = `
"02:56:15 Error: An error happened somehow
    Error: Oh noes!
    at /some/path/to/file:23:98
    at step (/some/path/to/file:23:98)
    at Object.next (/some/path/to/file:23:98)
    at /some/path/to/file:23:98
    at new Promise (<anonymous>)
    at __awaiter (/some/path/to/file:23:98)
    at generateExamples (/some/path/to/file:23:98)
    at Object.<anonymous> (/some/path/to/file:23:98)
    at Module._compile (internal/some/path/to/file:23:98)
    at Module.m._compile (/some/path/to/file:23:98)
"
`;

exports[`formatting examples formats example #12 correctly 1`] = `
"02:56:15 Info: Meta data via child logger
"
`;

exports[`formatting examples formats example #13 correctly 1`] = `
"02:56:15 [My Logger] Info: A logger with a name set
"
`;

exports[`formatting examples formats example #14 correctly 1`] = `
"02:56:15 Info: A logger without the base child logger
"
`;

exports[`formatting examples formats example #15 correctly 1`] = `
"\\"\\"
"
`;
